exports[`NicknamePopover matches snapshot 1`] = `<div><div class="nickname-popover" /></div>`;
