<div>
  <div class="settings-page__body">
    <div class="mm-box settings-page__content-row mm-box--display-flex mm-box--gap-4 mm-box--flex-direction-row mm-box--justify-content-space-between" data-testid="advanced-setting-show-testnet-conversion">
      <div class="settings-page__content-item">
        <div class="mm-box mm-box--margin-bottom-2 mm-box--display-flex mm-box--justify-content-space-between mm-box--align-items-center">
          <h4 class="mm-text-mm-heading-sm-mm-text-color-text-default">Basic functionality</h4>
          <label class="toggle-button toggle-button--off" tabindex="0">
            <div style={{ display: 'flex', width: '52px', alignItems: 'center', justifyContent: 'flex-start', position: 'relative', cursor: 'pointer' }}>
              {/* Toggle visual elements */}
              {/* ... */}
            </div>
            {/* Toggle status labels */}
            {/* ... */}
          </label>
        </div>
        {/* Description paragraph and links */}
        <!-- ... -->
      </div>
    </div>

    <!-- Additional sections with security alerts, privacy options, etc. -->

    {/*
     * Security Alerts Section
     */}

    {/*
     * Privacy Options Section
     */}

    {/*
     * Smart Contracts Decoding Section
     */}

    {/*
     * Transaction Options Section
     */}

  </div>
</div>;
